10/20/30 mbufs <&> in use (current/cache/total)
50 miles from Boston
64k left out of 640kb
64k left out of 640kilobytes
beforeworkingafter:
string1011
1010 packets here/there/everywhere
(                     15/20/125)
(                     15/20/125)
(15/20/125                     )
(15/20/125                     )
one two three
1:  1000 2:test5000     3:  ten-longx 4:xtest      
this is an error
two more errors
this is an warning
two more warnings
V1/V2 packets: 10
0004 tries
improper use of profanity; ten yard penalty; first down
