<div class="line">
  <div class="data" data-tag="mbuf-current">10</div>
  <div class="text">/</div>
  <div class="data" data-tag="mbuf-cache">20</div>
  <div class="text">/</div>
  <div class="data" data-tag="mbuf-total">30</div>
  <div class="text"> </div>
  <div class="note">mbufs &lt;&amp;&gt; in use (current/cache/total)</div>
</div>
<div class="line">
  <div class="data" data-tag="distance" data-units="miles">50</div>
  <div class="padding"> </div>
  <div class="text"> from </div>
  <div class="data" data-tag="location">Boston</div>
</div>
<div class="line">
  <div class="data" data-tag="memory" data-units="k">64</div>
  <div class="text"> left out of </div>
  <div class="data" data-tag="total" data-units="kb">640</div>
</div>
<div class="line">
  <div class="data" data-tag="memory" data-units="k">64</div>
  <div class="text"> left out of </div>
  <div class="data" data-tag="total" data-units="kilobytes">640</div>
</div>
<div class="line">
  <div class="title">beforeworkingafter:</div>
</div>
<div class="line">
  <div class="data" data-tag="some">string</div>
  <div class="data" data-tag="ten">10</div>
  <div class="data" data-tag="eleven">11</div>
</div>
<div class="line">
  <div class="data" data-tag="unknown">1010</div>
  <div class="text"> </div>
  <div class="note">packets here/there/everywhere</div>
</div>
<div class="line">
  <div class="text">(</div>
  <div class="padding">                     </div>
  <div class="data" data-tag="min">15</div>
  <div class="text">/</div>
  <div class="data" data-tag="cur">20</div>
  <div class="text">/</div>
  <div class="data" data-tag="max">125</div>
  <div class="text">)</div>
</div>
<div class="line">
  <div class="text">(</div>
  <div class="padding">                     </div>
  <div class="data" data-tag="min">15</div>
  <div class="text">/</div>
  <div class="data" data-tag="cur">20</div>
  <div class="text">/</div>
  <div class="data" data-tag="max">125</div>
  <div class="text">)</div>
</div>
<div class="line">
  <div class="text">(</div>
  <div class="data" data-tag="min">15</div>
  <div class="text">/</div>
  <div class="data" data-tag="cur">20</div>
  <div class="text">/</div>
  <div class="data" data-tag="max">125</div>
  <div class="padding">                     </div>
  <div class="text">)</div>
</div>
<div class="line">
  <div class="text">(</div>
  <div class="data" data-tag="min">15</div>
  <div class="text">/</div>
  <div class="data" data-tag="cur">20</div>
  <div class="text">/</div>
  <div class="data" data-tag="max">125</div>
  <div class="padding">                     </div>
  <div class="text">)</div>
</div>
<div class="line">
  <div class="data" data-tag="flag">one</div>
  <div class="text"> </div>
  <div class="data" data-tag="flag">two</div>
  <div class="text"> </div>
  <div class="data" data-tag="flag">three</div>
</div>
<div class="line">
  <div class="text">1:</div>
  <div class="data" data-tag="t1">  1000</div>
  <div class="text"> 2:</div>
  <div class="data" data-tag="t2">test5000    </div>
  <div class="text"> 3:</div>
  <div class="data" data-tag="t3">  ten-longx</div>
  <div class="text"> 4:</div>
  <div class="data" data-tag="t4">xtest      </div>
</div>
<div class="line">
  <div class="error">this is an error</div>
</div>
<div class="line">
  <div class="error">two more errors</div>
</div>
<div class="line">
  <div class="warning">this is an warning</div>
</div>
<div class="line">
  <div class="warning">two more warnings</div>
</div>
<div class="line">
  <div class="label">V1/V2 packets</div>
  <div class="text">: </div>
  <div class="data" data-tag="count">10</div>
</div>
<div class="line">
  <div class="data" data-tag="test">0004</div>
  <div class="text"> </div>
  <div class="label">tries</div>
</div>
<div class="line">
  <div class="message">improper use of profanity; ten yard penalty; first down
</div>
</div>
<div class="line">
  <div class="error">Shut 'er down, Clancey!  She's a-pumpin' mud!  &lt;&gt;!,"!&lt;&gt;
</div>
</div>
