Οὐχὶ ταὐτὰ παρίσταταί μοι γιγνώσκειν, ὦ ἄνδρες ᾿Αθηναῖοι
გთხოვთ ახლავე გაიაროთ რეგისტრაცია Unicode-ის მეათე საერთაშორისო
First Name               Last Name     Department  Time (%)
Jim ("რეგტ")             გთხოვთ ახ          431      90
Terry ("<one")           Οὐχὶ ταὐτὰ παρ     660      90
Leslie ("Les")           Patterson          341      60
Ashley ("Ash")           Meter & Smith     1440      40
0123456789 ("0123456789")01234567890123    1440      40
ახლა ("გაიარო")          საერთაშორისო       123      90
