<employees><v1>γιγνώσκειν</v1><v2>ὦ ἄνδρες ᾿Αθηναῖοι</v2><v1>ახლავე გაიაროთ რეგისტრაცია</v1><v2>Unicode-ის მეათე საერთაშორისო</v2><employee><first-name>Jim</first-name><nic-name>"რეგტ"</nic-name><last-name>გთხოვთ ახ</last-name><department>431</department><percent-time>90</percent-time><benefits full-time="honest &amp; for true">full</benefits></employee><employee><first-name>Terry</first-name><nic-name>"&lt;one"</nic-name><last-name>Οὐχὶ ταὐτὰ παρίσταταί μοι Jones</last-name><department>660</department><percent-time>90</percent-time><benefits full-time="honest &amp; for true">full</benefits></employee><employee><first-name>Leslie</first-name><nic-name>"Les"</nic-name><last-name>Patterson</last-name><department>341</department><percent-time>60</percent-time><benefits full-time="honest &amp; for true">full</benefits></employee><employee><first-name>Ashley</first-name><nic-name>"Ash"</nic-name><last-name>Meter &amp; Smith</last-name><department>1440</department><percent-time>40</percent-time></employee><employee><first-name>0123456789</first-name><nic-name>"0123456789"</nic-name><last-name>012345678901234567890</last-name><department>1440</department><percent-time>40</percent-time></employee><employee><first-name>ახლა</first-name><nic-name>"გაიარო"</nic-name><last-name>საერთაშორისო</last-name><department>123</department><percent-time>90</percent-time><benefits full-time="honest &amp; for true">full</benefits></employee></employees>